// Jest Snapshot v1, https://goo.gl/fbAQLP

exports[`AltinnSubstatusPaper should match snapshot 1`] = `
<div
  class="MuiPaper-root makeStyles-paper-1 MuiPaper-elevation0 MuiPaper-rounded"
>
  <div
    class="MuiGrid-root MuiGrid-container MuiGrid-direction-xs-column"
  >
    <div
      class="MuiGrid-root MuiGrid-item"
    >
      <p
        class="MuiTypography-root MuiTypography-body1"
        id="substatus-label"
        style="font-size: 2.4rem; margin-bottom: 0.8rem;"
      >
        The label
      </p>
    </div>
    <div
      class="MuiGrid-root MuiGrid-item"
    >
      <p
        class="MuiTypography-root MuiTypography-body1"
        id="substatus-description"
        style="font-size: 1.8rem;"
      >
        The description
      </p>
    </div>
  </div>
</div>
`;
