// Jest Snapshot v1, https://goo.gl/fbAQLP

exports[`ParagraphComponent should match snapshot 1`] = `
<div
  className="MuiGrid-root MuiGrid-container MuiGrid-align-items-xs-center"
>
  <div
    className="MuiGrid-root MuiGrid-item"
  >
    <p
      className="MuiTypography-root makeStyles-spacing-1 makeStyles-typography-2 MuiTypography-body1"
      id="mock-id"
    >
      Here goes a paragraph
    </p>
  </div>
</div>
`;

exports[`ParagraphComponent should render in a <div> instead of a <p> when a header text is supplied 1`] = `
<WithStyles(ForwardRef(Grid))
  alignItems="center"
  container={true}
  direction="row"
>
  <WithStyles(ForwardRef(Grid))
    item={true}
  >
    <WithStyles(ForwardRef(Typography))
      className="makeStyles-spacing-1 makeStyles-typography-2"
      component="div"
      id="mock-id"
    >
      <h3>
        Hello world
      </h3>
    </WithStyles(ForwardRef(Typography))>
  </WithStyles(ForwardRef(Grid))>
</WithStyles(ForwardRef(Grid))>
`;
