// Jest Snapshot v1, https://goo.gl/fbAQLP

exports[`MessageComponent should match snapshot 1`] = `
<div
  class="field-validation-error a-message"
  id="mockId"
  style="display: block;"
>
  <div
    class="MuiGrid-root MuiGrid-container MuiGrid-spacing-xs-2"
  >
    <div
      class="MuiGrid-root MuiGrid-item MuiGrid-grid-xs-2"
    >
      <i
        class=""
        style="margin-top: -2px; font-size: 1.8em;"
      />
    </div>
    <div
      class="MuiGrid-root MuiGrid-item MuiGrid-grid-xs-10"
    >
      <ol>
        <li>
          this is a message
        </li>
      </ol>
    </div>
  </div>
</div>
`;

